// Jest Snapshot v1, https://goo.gl/fbAQLP

exports[`getInputs Saga should call the inputLoadingError action if the response errors 1`] = `
Object {
  "@@redux-saga/IO": true,
  "combinator": false,
  "payload": Object {
    "args": Array [
      "http://localhost:3000/api",
    ],
    "context": null,
    "fn": [Function],
  },
  "type": "CALL",
}
`;

exports[`getInputs Saga should call the inputLoadingError action if the response errors 2`] = `
Object {
  "@@redux-saga/IO": true,
  "combinator": false,
  "payload": Object {
    "action": Object {
      "inputs": Array [
        "test",
      ],
      "type": "boilerplate/App/LOAD_INPUTS_SUCCESS",
    },
    "channel": undefined,
  },
  "type": "PUT",
}
`;

exports[`getInputs Saga should dispatch the inputsLoaded action if it requests the data successfully 1`] = `
Object {
  "@@redux-saga/IO": true,
  "combinator": false,
  "payload": Object {
    "args": Array [
      "http://localhost:3000/api",
    ],
    "context": null,
    "fn": [Function],
  },
  "type": "CALL",
}
`;

exports[`getInputs Saga should dispatch the inputsLoaded action if it requests the data successfully 2`] = `
Object {
  "@@redux-saga/IO": true,
  "combinator": false,
  "payload": Object {
    "action": Object {
      "inputs": Array [
        "test",
      ],
      "type": "boilerplate/App/LOAD_INPUTS_SUCCESS",
    },
    "channel": undefined,
  },
  "type": "PUT",
}
`;
